node: <class 'ast.compilationunit.CompilationUnit'> name: None 
	in: set([]) 
	out: set([]) 
	inputs: [] 
	outputs: []

node: <class 'ast.body.classorinterfacedeclaration.ClassOrInterfaceDeclaration'> name: C 
	in: set([]) 
	out: set([]) 
	inputs: [] 
	outputs: []

node: <class 'ast.body.methoddeclaration.MethodDeclaration'> name: sum 
	in: set([]) 
	out: set([]) 
	inputs: [] 
	outputs: []

node: <class 'ast.type.primitivetype.PrimitiveType'> name: int 
	in: set([]) 
	out: set([]) 
	inputs: [] 
	outputs: []

node: <class 'ast.body.parameter.Parameter'> name: a 
	in: set([]) 
	out: set([]) 
	inputs: [] 
	outputs: []

node: <class 'ast.body.variabledeclaratorid.VariableDeclaratorId'> name: a 
	in: set([]) 
	out: set([]) 
	inputs: [] 
	outputs: []

node: <class 'ast.type.primitivetype.PrimitiveType'> name: int 
	in: set([]) 
	out: set([]) 
	inputs: [] 
	outputs: []

node: <class 'ast.body.variabledeclarator.VariableDeclarator'> name: a 
	in: set([]) 
	out: set([]) 
	inputs: [] 
	outputs: []

node: <class 'ast.body.parameter.Parameter'> name: b 
	in: set([]) 
	out: set([]) 
	inputs: [] 
	outputs: []

node: <class 'ast.body.variabledeclaratorid.VariableDeclaratorId'> name: b 
	in: set([]) 
	out: set([]) 
	inputs: [] 
	outputs: []

node: <class 'ast.type.primitivetype.PrimitiveType'> name: int 
	in: set([]) 
	out: set([]) 
	inputs: [] 
	outputs: []

node: <class 'ast.body.variabledeclarator.VariableDeclarator'> name: b 
	in: set([]) 
	out: set([]) 
	inputs: [] 
	outputs: []

node: <class 'ast.stmt.blockstmt.BlockStmt'> name: None 
	in: set([]) 
	out: set([]) 
	inputs: [] 
	outputs: []

node: <class 'ast.stmt.returnstmt.ReturnStmt'> name: None 
	in: set([(u'b', 7), (u'a', 10)]) 
	out: set([]) 
	inputs: [] 
	outputs: []

node: <class 'ast.expr.binaryexpr.BinaryExpr'> name: None 
	in: set([(u'b', 7), (u'a', 10)]) 
	out: set([(u'b', 7), (u'a', 10)]) 
	inputs: [] 
	outputs: []

node: <class 'ast.expr.nameexpr.NameExpr'> name: a 
	in: set([(u'b', 7), (u'a', 10)]) 
	out: set([]) 
	inputs: [] 
	outputs: []

node: <class 'ast.expr.nameexpr.NameExpr'> name: b 
	in: set([(u'b', 7), (u'a', 10)]) 
	out: set([]) 
	inputs: [] 
	outputs: []

