node: <class 'ast.compilationunit.CompilationUnit'> name: None 
	in: set([]) 
	out: set([]) 
	inputs: [] 
	outputs: []

node: <class 'ast.body.classorinterfacedeclaration.ClassOrInterfaceDeclaration'> name: Switch 
	in: set([]) 
	out: set([]) 
	inputs: [] 
	outputs: []

node: <class 'ast.body.methoddeclaration.MethodDeclaration'> name: m 
	in: set([]) 
	out: set([(u'y', 17), (u'x', 24)]) 
	inputs: [] 
	outputs: []

node: <class 'ast.type.voidtype.VoidType'> name: void 
	in: set([]) 
	out: set([]) 
	inputs: [] 
	outputs: []

node: <class 'ast.stmt.blockstmt.BlockStmt'> name: None 
	in: set([]) 
	out: set([(u'y', 17), (u'x', 24)]) 
	inputs: [] 
	outputs: []

node: <class 'ast.stmt.expressionstmt.ExpressionStmt'> name: None 
	in: set([]) 
	out: set([(u'x', 24)]) 
	inputs: [] 
	outputs: []

node: <class 'ast.expr.variabledeclarationexpr.VariableDeclarationExpr'> name: None 
	in: set([]) 
	out: set([(u'x', 24)]) 
	inputs: [] 
	outputs: []

node: <class 'ast.type.primitivetype.PrimitiveType'> name: int 
	in: set([]) 
	out: set([]) 
	inputs: [] 
	outputs: []

node: <class 'ast.body.variabledeclarator.VariableDeclarator'> name: x 
	in: set([]) 
	out: set([(u'x', 24)]) 
	inputs: [] 
	outputs: []

node: <class 'ast.body.variabledeclaratorid.VariableDeclaratorId'> name: x 
	in: set([]) 
	out: set([]) 
	inputs: [] 
	outputs: []

node: <class 'ast.expr.integerliteralexpr.IntegerLiteralExpr'> name: 0 
	in: set([]) 
	out: set([]) 
	inputs: [] 
	outputs: []

node: <class 'ast.stmt.expressionstmt.ExpressionStmt'> name: None 
	in: set([(u'x', 24)]) 
	out: set([(u'y', 17), (u'x', 24)]) 
	inputs: [] 
	outputs: []

node: <class 'ast.expr.variabledeclarationexpr.VariableDeclarationExpr'> name: None 
	in: set([(u'x', 24)]) 
	out: set([(u'y', 17), (u'x', 24)]) 
	inputs: [] 
	outputs: []

node: <class 'ast.type.primitivetype.PrimitiveType'> name: int 
	in: set([]) 
	out: set([]) 
	inputs: [] 
	outputs: []

node: <class 'ast.body.variabledeclarator.VariableDeclarator'> name: y 
	in: set([(u'x', 24)]) 
	out: set([(u'y', 17), (u'x', 24)]) 
	inputs: [] 
	outputs: []

node: <class 'ast.body.variabledeclaratorid.VariableDeclaratorId'> name: y 
	in: set([]) 
	out: set([]) 
	inputs: [] 
	outputs: []

node: <class 'ast.expr.binaryexpr.BinaryExpr'> name: None 
	in: set([(u'x', 24)]) 
	out: set([(u'x', 24)]) 
	inputs: [] 
	outputs: []

node: <class 'ast.expr.nameexpr.NameExpr'> name: x 
	in: set([(u'x', 24)]) 
	out: set([]) 
	inputs: [] 
	outputs: []

node: <class 'ast.expr.integerliteralexpr.IntegerLiteralExpr'> name: 1 
	in: set([]) 
	out: set([]) 
	inputs: [] 
	outputs: []

node: <class 'ast.stmt.switchstmt.SwitchStmt'> name: None 
	in: set([(u'y', 17), (u'x', 24)]) 
	out: set([(u'y', 17), (u'x', 24)]) 
	inputs: [] 
	outputs: []

node: <class 'ast.expr.nameexpr.NameExpr'> name: x 
	in: set([(u'y', 17), (u'x', 24)]) 
	out: set([]) 
	inputs: [] 
	outputs: []

node: <class 'ast.stmt.switchentrystmt.SwitchEntryStmt'> name: None 
	in: set([(u'y', 17), (u'x', 24)]) 
	out: set([(u'y', 17), (u'x', 24)]) 
	inputs: [] 
	outputs: []

node: <class 'ast.expr.integerliteralexpr.IntegerLiteralExpr'> name: 1 
	in: set([]) 
	out: set([]) 
	inputs: [] 
	outputs: []

node: <class 'ast.stmt.expressionstmt.ExpressionStmt'> name: None 
	in: set([(u'y', 17), (u'x', 24)]) 
	out: set([(u'y', 17), (u'x', 11)]) 
	inputs: [] 
	outputs: []

node: <class 'ast.expr.assignexpr.AssignExpr'> name: None 
	in: set([(u'y', 17), (u'x', 24)]) 
	out: set([(u'y', 17), (u'x', 11)]) 
	inputs: [] 
	outputs: []

node: <class 'ast.expr.nameexpr.NameExpr'> name: x 
	in: set([]) 
	out: set([]) 
	inputs: [] 
	outputs: []

node: <class 'ast.expr.integerliteralexpr.IntegerLiteralExpr'> name: 0 
	in: set([]) 
	out: set([]) 
	inputs: [] 
	outputs: []

node: <class 'ast.stmt.switchentrystmt.SwitchEntryStmt'> name: None 
	in: set([(u'y', 17), (u'x', 24)]) 
	out: set([(u'y', 17), (u'x', 24)]) 
	inputs: [] 
	outputs: []

node: <class 'ast.expr.integerliteralexpr.IntegerLiteralExpr'> name: 2 
	in: set([]) 
	out: set([]) 
	inputs: [] 
	outputs: []

node: <class 'ast.stmt.expressionstmt.ExpressionStmt'> name: None 
	in: set([(u'y', 17), (u'x', 24)]) 
	out: set([(u'y', 17), (u'x', 4)]) 
	inputs: [] 
	outputs: []

node: <class 'ast.expr.assignexpr.AssignExpr'> name: None 
	in: set([(u'y', 17), (u'x', 24)]) 
	out: set([(u'y', 17), (u'x', 4)]) 
	inputs: [] 
	outputs: []

node: <class 'ast.expr.nameexpr.NameExpr'> name: x 
	in: set([]) 
	out: set([]) 
	inputs: [] 
	outputs: []

node: <class 'ast.expr.integerliteralexpr.IntegerLiteralExpr'> name: 1 
	in: set([]) 
	out: set([]) 
	inputs: [] 
	outputs: []

