node: <class 'ast.compilationunit.CompilationUnit'> name: None 
	in: set([]) 
	out: set([]) 
	inputs: [] 
	outputs: []

node: <class 'ast.body.classorinterfacedeclaration.ClassOrInterfaceDeclaration'> name: C 
	in: set([]) 
	out: set([]) 
	inputs: [] 
	outputs: []

node: <class 'ast.body.methoddeclaration.MethodDeclaration'> name: sum 
	in: set([]) 
	out: set([]) 
	inputs: [] 
	outputs: []

node: <class 'ast.type.primitivetype.PrimitiveType'> name: int 
	in: set([]) 
	out: set([]) 
	inputs: [] 
	outputs: []

node: <class 'ast.body.parameter.Parameter'> name: a 
	in: set([]) 
	out: set([]) 
	inputs: [] 
	outputs: []

node: <class 'ast.body.variabledeclaratorid.VariableDeclaratorId'> name: a 
	in: set([]) 
	out: set([]) 
	inputs: [] 
	outputs: []

node: <class 'ast.type.primitivetype.PrimitiveType'> name: int 
	in: set([]) 
	out: set([]) 
	inputs: [] 
	outputs: []

node: <class 'ast.body.variabledeclarator.VariableDeclarator'> name: a 
	in: set([]) 
	out: set([]) 
	inputs: [] 
	outputs: []

node: <class 'ast.body.parameter.Parameter'> name: b 
	in: set([]) 
	out: set([]) 
	inputs: [] 
	outputs: []

node: <class 'ast.body.variabledeclaratorid.VariableDeclaratorId'> name: b 
	in: set([]) 
	out: set([]) 
	inputs: [] 
	outputs: []

node: <class 'ast.type.primitivetype.PrimitiveType'> name: int 
	in: set([]) 
	out: set([]) 
	inputs: [] 
	outputs: []

node: <class 'ast.body.variabledeclarator.VariableDeclarator'> name: b 
	in: set([]) 
	out: set([]) 
	inputs: [] 
	outputs: []

node: <class 'ast.stmt.blockstmt.BlockStmt'> name: None 
	in: set([]) 
	out: set([]) 
	inputs: [] 
	outputs: []

node: <class 'ast.stmt.expressionstmt.ExpressionStmt'> name: None 
	in: set([(u'a', 22), (u'b', 19)]) 
	out: set([(u'a', 22), (u'b', 19), (u'x', 12)]) 
	inputs: [u'int', u'int'] 
	outputs: []

node: <class 'ast.expr.variabledeclarationexpr.VariableDeclarationExpr'> name: None 
	in: set([(u'a', 22), (u'b', 19)]) 
	out: set([(u'a', 22), (u'b', 19), (u'x', 12)]) 
	inputs: [u'int'] 
	outputs: []

node: <class 'ast.type.primitivetype.PrimitiveType'> name: int 
	in: set([]) 
	out: set([]) 
	inputs: [] 
	outputs: []

node: <class 'ast.body.variabledeclarator.VariableDeclarator'> name: x 
	in: set([(u'a', 22), (u'b', 19)]) 
	out: set([(u'a', 22), (u'b', 19), (u'x', 12)]) 
	inputs: [u'int'] 
	outputs: []

node: <class 'ast.body.variabledeclaratorid.VariableDeclaratorId'> name: x 
	in: set([]) 
	out: set([]) 
	inputs: [] 
	outputs: []

node: <class 'ast.expr.nameexpr.NameExpr'> name: a 
	in: set([(u'a', 22), (u'b', 19)]) 
	out: set([]) 
	inputs: [u'int'] 
	outputs: []

node: <class 'ast.stmt.expressionstmt.ExpressionStmt'> name: None 
	in: set([(u'a', 22), (u'b', 19), (u'x', 12)]) 
	out: set([(u'a', 22), (u'y', 6), (u'x', 12), (u'b', 19)]) 
	inputs: [u'int'] 
	outputs: [u'int']

node: <class 'ast.expr.variabledeclarationexpr.VariableDeclarationExpr'> name: None 
	in: set([(u'a', 22), (u'b', 19), (u'x', 12)]) 
	out: set([(u'y', 6), (u'b', 19), (u'x', 12), (u'a', 22)]) 
	inputs: [u'int'] 
	outputs: []

node: <class 'ast.type.primitivetype.PrimitiveType'> name: int 
	in: set([]) 
	out: set([]) 
	inputs: [] 
	outputs: []

node: <class 'ast.body.variabledeclarator.VariableDeclarator'> name: y 
	in: set([(u'a', 22), (u'b', 19), (u'x', 12)]) 
	out: set([(u'y', 6), (u'b', 19), (u'x', 12), (u'a', 22)]) 
	inputs: [u'int'] 
	outputs: []

node: <class 'ast.body.variabledeclaratorid.VariableDeclaratorId'> name: y 
	in: set([]) 
	out: set([]) 
	inputs: [] 
	outputs: []

node: <class 'ast.expr.nameexpr.NameExpr'> name: b 
	in: set([(u'a', 22), (u'b', 19), (u'x', 12)]) 
	out: set([]) 
	inputs: [u'int'] 
	outputs: []

node: <class 'ast.stmt.returnstmt.ReturnStmt'> name: None 
	in: set([(u'y', 6), (u'b', 19), (u'x', 12), (u'a', 22)]) 
	out: set([]) 
	inputs: [(u'y', 6), (u'x', 12)] 
	outputs: []

node: <class 'ast.expr.binaryexpr.BinaryExpr'> name: None 
	in: set([(u'y', 6), (u'b', 19), (u'x', 12), (u'a', 22)]) 
	out: set([(u'y', 6), (u'b', 19), (u'x', 12), (u'a', 22)]) 
	inputs: [(u'y', 6), (u'x', 12)] 
	outputs: []

node: <class 'ast.expr.nameexpr.NameExpr'> name: x 
	in: set([(u'y', 6), (u'b', 19), (u'x', 12), (u'a', 22)]) 
	out: set([]) 
	inputs: [(u'x', 12)] 
	outputs: []

node: <class 'ast.expr.nameexpr.NameExpr'> name: y 
	in: set([(u'y', 6), (u'b', 19), (u'x', 12), (u'a', 22)]) 
	out: set([]) 
	inputs: [(u'y', 6)] 
	outputs: []

[u'int', u'int'] [u'int']
