node: <class 'ast.compilationunit.CompilationUnit'> name: None 
	in: set([]) 
	out: set([]) 
	inputs: [] 
	outputs: []

node: <class 'ast.body.classorinterfacedeclaration.ClassOrInterfaceDeclaration'> name: C 
	in: set([]) 
	out: set([]) 
	inputs: [] 
	outputs: []

node: <class 'ast.body.methoddeclaration.MethodDeclaration'> name: m 
	in: set([]) 
	out: set([(u'x', 21), (u'y', 18)]) 
	inputs: [] 
	outputs: []

node: <class 'ast.type.primitivetype.PrimitiveType'> name: int 
	in: set([]) 
	out: set([]) 
	inputs: [] 
	outputs: []

node: <class 'ast.body.parameter.Parameter'> name: x 
	in: set([]) 
	out: set([]) 
	inputs: [] 
	outputs: []

node: <class 'ast.body.variabledeclaratorid.VariableDeclaratorId'> name: x 
	in: set([]) 
	out: set([]) 
	inputs: [] 
	outputs: []

node: <class 'ast.type.primitivetype.PrimitiveType'> name: int 
	in: set([]) 
	out: set([]) 
	inputs: [] 
	outputs: []

node: <class 'ast.body.variabledeclarator.VariableDeclarator'> name: x 
	in: set([]) 
	out: set([]) 
	inputs: [] 
	outputs: []

node: <class 'ast.body.parameter.Parameter'> name: y 
	in: set([]) 
	out: set([]) 
	inputs: [] 
	outputs: []

node: <class 'ast.body.variabledeclaratorid.VariableDeclaratorId'> name: y 
	in: set([]) 
	out: set([]) 
	inputs: [] 
	outputs: []

node: <class 'ast.type.primitivetype.PrimitiveType'> name: int 
	in: set([]) 
	out: set([]) 
	inputs: [] 
	outputs: []

node: <class 'ast.body.variabledeclarator.VariableDeclarator'> name: y 
	in: set([]) 
	out: set([]) 
	inputs: [] 
	outputs: []

node: <class 'ast.stmt.blockstmt.BlockStmt'> name: None 
	in: set([]) 
	out: set([(u'x', 21), (u'y', 18)]) 
	inputs: [] 
	outputs: []

node: <class 'ast.stmt.ifstmt.IfStmt'> name: None 
	in: set([(u'x', 21), (u'y', 18)]) 
	out: set([(u'x', 21), (u'y', 18)]) 
	inputs: [] 
	outputs: []

node: <class 'ast.expr.binaryexpr.BinaryExpr'> name: None 
	in: set([(u'x', 21), (u'y', 18)]) 
	out: set([(u'x', 21), (u'y', 18)]) 
	inputs: [] 
	outputs: []

node: <class 'ast.expr.binaryexpr.BinaryExpr'> name: None 
	in: set([(u'x', 21), (u'y', 18)]) 
	out: set([(u'x', 21), (u'y', 18)]) 
	inputs: [] 
	outputs: []

node: <class 'ast.expr.nameexpr.NameExpr'> name: x 
	in: set([(u'x', 21), (u'y', 18)]) 
	out: set([]) 
	inputs: [] 
	outputs: []

node: <class 'ast.expr.integerliteralexpr.IntegerLiteralExpr'> name: 0 
	in: set([]) 
	out: set([]) 
	inputs: [] 
	outputs: []

node: <class 'ast.expr.binaryexpr.BinaryExpr'> name: None 
	in: set([(u'x', 21), (u'y', 18)]) 
	out: set([(u'x', 21), (u'y', 18)]) 
	inputs: [] 
	outputs: []

node: <class 'ast.expr.nameexpr.NameExpr'> name: y 
	in: set([(u'x', 21), (u'y', 18)]) 
	out: set([]) 
	inputs: [] 
	outputs: []

node: <class 'ast.expr.integerliteralexpr.IntegerLiteralExpr'> name: 0 
	in: set([]) 
	out: set([]) 
	inputs: [] 
	outputs: []

node: <class 'ast.stmt.blockstmt.BlockStmt'> name: None 
	in: set([(u'x', 21), (u'y', 18)]) 
	out: set([]) 
	inputs: [] 
	outputs: []

node: <class 'ast.stmt.returnstmt.ReturnStmt'> name: None 
	in: set([(u'x', 21), (u'y', 18)]) 
	out: set([]) 
	inputs: [] 
	outputs: []

node: <class 'ast.expr.nameexpr.NameExpr'> name: x 
	in: set([(u'x', 21), (u'y', 18)]) 
	out: set([]) 
	inputs: [] 
	outputs: []

