node: <class 'ast.compilationunit.CompilationUnit'> name: None 
	in: set([]) 
	out: set([]) 
	inputs: [] 
	outputs: []

node: <class 'ast.body.classorinterfacedeclaration.ClassOrInterfaceDeclaration'> name: C 
	in: set([]) 
	out: set([]) 
	inputs: [] 
	outputs: []

node: <class 'ast.body.methoddeclaration.MethodDeclaration'> name: m 
	in: set([]) 
	out: set([]) 
	inputs: [] 
	outputs: []

node: <class 'ast.type.voidtype.VoidType'> name: void 
	in: set([]) 
	out: set([]) 
	inputs: [] 
	outputs: []

node: <class 'ast.stmt.blockstmt.BlockStmt'> name: None 
	in: set([]) 
	out: set([]) 
	inputs: [] 
	outputs: []

node: <class 'ast.stmt.expressionstmt.ExpressionStmt'> name: None 
	in: set([]) 
	out: set([]) 
	inputs: [] 
	outputs: []

node: <class 'ast.expr.variabledeclarationexpr.VariableDeclarationExpr'> name: None 
	in: set([]) 
	out: set([]) 
	inputs: [] 
	outputs: []

node: <class 'ast.type.referencetype.ReferenceType'> name: int 
	in: set([]) 
	out: set([]) 
	inputs: [] 
	outputs: []

node: <class 'ast.type.primitivetype.PrimitiveType'> name: int 
	in: set([]) 
	out: set([]) 
	inputs: [] 
	outputs: []

node: <class 'ast.body.variabledeclarator.VariableDeclarator'> name: x 
	in: set([]) 
	out: set([]) 
	inputs: [] 
	outputs: []

node: <class 'ast.body.variabledeclaratorid.VariableDeclaratorId'> name: x 
	in: set([]) 
	out: set([]) 
	inputs: [] 
	outputs: []

node: <class 'ast.stmt.expressionstmt.ExpressionStmt'> name: None 
	in: set([]) 
	out: set([(u'x', 33)]) 
	inputs: [] 
	outputs: []

node: <class 'ast.expr.assignexpr.AssignExpr'> name: None 
	in: set([]) 
	out: set([(u'x', 33)]) 
	inputs: [] 
	outputs: []

node: <class 'ast.expr.nameexpr.NameExpr'> name: x 
	in: set([]) 
	out: set([]) 
	inputs: [] 
	outputs: []

node: <class 'ast.expr.arraycreationexpr.ArrayCreationExpr'> name: None 
	in: set([]) 
	out: set([]) 
	inputs: [] 
	outputs: []

node: <class 'ast.type.primitivetype.PrimitiveType'> name: int 
	in: set([]) 
	out: set([]) 
	inputs: [] 
	outputs: []

node: <class 'ast.expr.integerliteralexpr.IntegerLiteralExpr'> name: 5 
	in: set([]) 
	out: set([]) 
	inputs: [] 
	outputs: []

node: <class 'ast.stmt.forstmt.ForStmt'> name: None 
	in: set([(u'x', 33)]) 
	out: set([(u'x', 33), (u'x', 12), (u'i', 20)]) 
	inputs: [] 
	outputs: []

node: <class 'ast.expr.variabledeclarationexpr.VariableDeclarationExpr'> name: None 
	in: set([(u'x', 33)]) 
	out: set([(u'x', 33), (u'i', 20)]) 
	inputs: [] 
	outputs: []

node: <class 'ast.type.primitivetype.PrimitiveType'> name: int 
	in: set([]) 
	out: set([]) 
	inputs: [] 
	outputs: []

node: <class 'ast.body.variabledeclarator.VariableDeclarator'> name: i 
	in: set([(u'x', 33)]) 
	out: set([(u'x', 33), (u'i', 20)]) 
	inputs: [] 
	outputs: []

node: <class 'ast.body.variabledeclaratorid.VariableDeclaratorId'> name: i 
	in: set([]) 
	out: set([]) 
	inputs: [] 
	outputs: []

node: <class 'ast.expr.integerliteralexpr.IntegerLiteralExpr'> name: 1 
	in: set([]) 
	out: set([]) 
	inputs: [] 
	outputs: []

node: <class 'ast.expr.binaryexpr.BinaryExpr'> name: None 
	in: set([(u'x', 33)]) 
	out: set([(u'x', 33)]) 
	inputs: [] 
	outputs: []

node: <class 'ast.expr.nameexpr.NameExpr'> name: i 
	in: set([(u'x', 33)]) 
	out: set([]) 
	inputs: [] 
	outputs: []

node: <class 'ast.expr.integerliteralexpr.IntegerLiteralExpr'> name: 5 
	in: set([]) 
	out: set([]) 
	inputs: [] 
	outputs: []

node: <class 'ast.expr.unaryexpr.UnaryExpr'> name: None 
	in: set([(u'x', 33)]) 
	out: set([(u'x', 33)]) 
	inputs: [] 
	outputs: []

node: <class 'ast.expr.nameexpr.NameExpr'> name: i 
	in: set([(u'x', 33)]) 
	out: set([]) 
	inputs: [] 
	outputs: []

node: <class 'ast.stmt.blockstmt.BlockStmt'> name: None 
	in: set([(u'x', 33), (u'i', 20)]) 
	out: set([(u'x', 12), (u'i', 20)]) 
	inputs: [] 
	outputs: []

node: <class 'ast.stmt.expressionstmt.ExpressionStmt'> name: None 
	in: set([(u'x', 33), (u'i', 20)]) 
	out: set([(u'x', 12), (u'i', 20)]) 
	inputs: [] 
	outputs: []

node: <class 'ast.expr.assignexpr.AssignExpr'> name: None 
	in: set([(u'x', 33), (u'i', 20)]) 
	out: set([(u'x', 12), (u'i', 20)]) 
	inputs: [] 
	outputs: []

node: <class 'ast.expr.arrayaccessexpr.ArrayAccessExpr'> name: x 
	in: set([]) 
	out: set([]) 
	inputs: [] 
	outputs: []

node: <class 'ast.expr.nameexpr.NameExpr'> name: x 
	in: set([]) 
	out: set([]) 
	inputs: [] 
	outputs: []

node: <class 'ast.expr.nameexpr.NameExpr'> name: i 
	in: set([]) 
	out: set([]) 
	inputs: [] 
	outputs: []

node: <class 'ast.expr.binaryexpr.BinaryExpr'> name: None 
	in: set([(u'x', 33), (u'i', 20)]) 
	out: set([(u'x', 33), (u'i', 20)]) 
	inputs: [] 
	outputs: []

node: <class 'ast.expr.arrayaccessexpr.ArrayAccessExpr'> name: x 
	in: set([(u'x', 33), (u'i', 20)]) 
	out: set([(u'x', 33), (u'i', 20)]) 
	inputs: [] 
	outputs: []

node: <class 'ast.expr.nameexpr.NameExpr'> name: x 
	in: set([(u'x', 33), (u'i', 20)]) 
	out: set([]) 
	inputs: [] 
	outputs: []

node: <class 'ast.expr.binaryexpr.BinaryExpr'> name: None 
	in: set([(u'x', 33), (u'i', 20)]) 
	out: set([(u'x', 33), (u'i', 20)]) 
	inputs: [] 
	outputs: []

node: <class 'ast.expr.nameexpr.NameExpr'> name: i 
	in: set([(u'x', 33), (u'i', 20)]) 
	out: set([]) 
	inputs: [] 
	outputs: []

node: <class 'ast.expr.integerliteralexpr.IntegerLiteralExpr'> name: 1 
	in: set([]) 
	out: set([]) 
	inputs: [] 
	outputs: []

node: <class 'ast.expr.integerliteralexpr.IntegerLiteralExpr'> name: 1 
	in: set([]) 
	out: set([]) 
	inputs: [] 
	outputs: []

node: <class 'ast.stmt.returnstmt.ReturnStmt'> name: None 
	in: set([(u'x', 33), (u'x', 12), (u'i', 20)]) 
	out: set([]) 
	inputs: [] 
	outputs: []

node: <class 'ast.expr.nameexpr.NameExpr'> name: x 
	in: set([(u'x', 33), (u'x', 12), (u'i', 20)]) 
	out: set([]) 
	inputs: [] 
	outputs: []

