node: <class 'ast.compilationunit.CompilationUnit'> name: None 
	in: set([]) 
	out: set([]) 
	inputs: [] 
	outputs: []

node: <class 'ast.body.classorinterfacedeclaration.ClassOrInterfaceDeclaration'> name: C 
	in: set([]) 
	out: set([]) 
	inputs: [] 
	outputs: []

node: <class 'ast.body.methoddeclaration.MethodDeclaration'> name: m 
	in: set([]) 
	out: set([]) 
	inputs: [] 
	outputs: []

node: <class 'ast.type.primitivetype.PrimitiveType'> name: int 
	in: set([]) 
	out: set([]) 
	inputs: [] 
	outputs: []

node: <class 'ast.stmt.blockstmt.BlockStmt'> name: None 
	in: set([]) 
	out: set([]) 
	inputs: [] 
	outputs: []

node: <class 'ast.stmt.expressionstmt.ExpressionStmt'> name: None 
	in: set([]) 
	out: set([]) 
	inputs: [] 
	outputs: []

node: <class 'ast.expr.variabledeclarationexpr.VariableDeclarationExpr'> name: None 
	in: set([]) 
	out: set([]) 
	inputs: [] 
	outputs: []

node: <class 'ast.type.primitivetype.PrimitiveType'> name: int 
	in: set([]) 
	out: set([]) 
	inputs: [] 
	outputs: []

node: <class 'ast.body.variabledeclarator.VariableDeclarator'> name: x 
	in: set([]) 
	out: set([]) 
	inputs: [] 
	outputs: []

node: <class 'ast.body.variabledeclaratorid.VariableDeclaratorId'> name: x 
	in: set([]) 
	out: set([]) 
	inputs: [] 
	outputs: []

node: <class 'ast.body.variabledeclarator.VariableDeclarator'> name: y 
	in: set([]) 
	out: set([]) 
	inputs: [] 
	outputs: []

node: <class 'ast.body.variabledeclaratorid.VariableDeclaratorId'> name: y 
	in: set([]) 
	out: set([]) 
	inputs: [] 
	outputs: []

node: <class 'ast.stmt.expressionstmt.ExpressionStmt'> name: None 
	in: set([]) 
	out: set([(u'y', 15)]) 
	inputs: [] 
	outputs: []

node: <class 'ast.expr.assignexpr.AssignExpr'> name: None 
	in: set([]) 
	out: set([(u'y', 15)]) 
	inputs: [] 
	outputs: []

node: <class 'ast.expr.nameexpr.NameExpr'> name: y 
	in: set([]) 
	out: set([]) 
	inputs: [] 
	outputs: []

node: <class 'ast.expr.integerliteralexpr.IntegerLiteralExpr'> name: 4 
	in: set([]) 
	out: set([]) 
	inputs: [] 
	outputs: []

node: <class 'ast.stmt.expressionstmt.ExpressionStmt'> name: None 
	in: set([(u'y', 15)]) 
	out: set([(u'y', 11)]) 
	inputs: [] 
	outputs: []

node: <class 'ast.expr.assignexpr.AssignExpr'> name: None 
	in: set([(u'y', 15)]) 
	out: set([(u'y', 11)]) 
	inputs: [] 
	outputs: []

node: <class 'ast.expr.nameexpr.NameExpr'> name: y 
	in: set([]) 
	out: set([]) 
	inputs: [] 
	outputs: []

node: <class 'ast.expr.integerliteralexpr.IntegerLiteralExpr'> name: 5 
	in: set([]) 
	out: set([]) 
	inputs: [] 
	outputs: []

node: <class 'ast.stmt.expressionstmt.ExpressionStmt'> name: None 
	in: set([(u'y', 11)]) 
	out: set([(u'y', 11), (u'x', 7)]) 
	inputs: [] 
	outputs: [u'int']

node: <class 'ast.expr.assignexpr.AssignExpr'> name: None 
	in: set([(u'y', 11)]) 
	out: set([(u'y', 11), (u'x', 7)]) 
	inputs: [] 
	outputs: []

node: <class 'ast.expr.nameexpr.NameExpr'> name: x 
	in: set([]) 
	out: set([]) 
	inputs: [] 
	outputs: []

node: <class 'ast.expr.nameexpr.NameExpr'> name: y 
	in: set([(u'y', 11)]) 
	out: set([]) 
	inputs: [] 
	outputs: []

node: <class 'ast.stmt.returnstmt.ReturnStmt'> name: None 
	in: set([(u'y', 11), (u'x', 7)]) 
	out: set([]) 
	inputs: [(u'x', 7)] 
	outputs: []

node: <class 'ast.expr.nameexpr.NameExpr'> name: x 
	in: set([(u'y', 11), (u'x', 7)]) 
	out: set([]) 
	inputs: [(u'x', 7)] 
	outputs: []

[] [u'int']
